result code = 0
standard error = {
}
standard output = {
{
    "parameters": [
        {
            "name": "iBuffer",
            "binding": {"kind": "descriptorTableSlot", "index": 0},
            "type": {
                "kind": "resource",
                "baseShape": "textureBuffer",
                "access": "readWrite"
            }
        },
        {
            "name": "i2D",
            "binding": {"kind": "descriptorTableSlot", "index": 1},
            "type": {
                "kind": "resource",
                "baseShape": "texture2D",
                "access": "readWrite"
            }
        }
    ],
    "entryPoints": [
        {
            "name": "main",
            "stage:": "fragment"
        }
    ]
}
}
