result code = -1
standard error = {
tests/diagnostics/expected-token.slang(6): error 20001: unexpected ']', expected ';'
}
standard output = {
}
